CMA -> 01_images/cleveland
  [cma] 'Yuan dynasty': 100
  [cma] 'Mongol': 40
  [cma] 'Ilkhanid': 32
  [cma] 'cloth of gold': 100
  [cma] 'nasij': 0
  [cma] 'Yuan textile': 14
  [cma] 'silk Yuan': 87
    cma_160133_Quails_and_Sparrows_in_an_Autumn_Scene.jpg                    582.0MB
    cma_137198_Jar_with_Lion-Head_Handles.jpg                                323.6MB
    cma_149146_Raft_Cup.jpg                                                  317.6MB
    cma_142279_Shakyamuni_as_an_Ascetic.jpg                                  52.2MB
    cma_140164_Fluted_Cup_with_Dragon_Handle.jpg                             118.7MB
    cma_160135_Fishermen-Hermits_in_Stream_and_Mountain.jpg                  35.0MB
    cma_130357_Bowl_with_Flower_Petals.jpg                                   24.1MB
    cma_156183_Summer_Mountains__after_Dong_Yuan__active_c._937_75.jpg       51.1MB
    cma_160137_Mountains_of_the_Immortals.jpg                                304.9MB
    cma_137127_Plate_with_Relief_Dragon_among_Clouds.jpg                     71.2MB
    cma_160136_Writing_Books_under_the_Pine_Trees.jpg                        88.7MB
    cma_167661_Shakyamuni_Triad__Buddha_Attended_by_Manjushri_and_Samantab   150.9MB
    cma_159203_Mirror_with_Twin_Dragons_and_Lotus_Blossoms.jpg               101.9MB
