CMA -> 01_images/cleveland
  [cma] 'Yuan dynasty': 100
  [cma] 'Mongol': 40
  [cma] 'Ilkhanid': 32
  [cma] 'cloth of gold': 100
  [cma] 'nasij': 0
  [cma] 'Yuan textile': 14
  [cma] 'silk Yuan': 87
    cma_160133_Quails_and_Sparrows_in_an_Autumn_Scene.jpg                    cached
    cma_137198_Jar_with_Lion-Head_Handles.jpg                                cached
    cma_149146_Raft_Cup.jpg                                                  cached
    cma_142279_Shakyamuni_as_an_Ascetic.jpg                                  cached
    cma_140164_Fluted_Cup_with_Dragon_Handle.jpg                             cached
    cma_160135_Fishermen-Hermits_in_Stream_and_Mountain.jpg                  cached
    cma_130357_Bowl_with_Flower_Petals.jpg                                   cached
    cma_156183_Summer_Mountains__after_Dong_Yuan__active_c._937_75.jpg       cached
    cma_160137_Mountains_of_the_Immortals.jpg                                cached
    cma_137127_Plate_with_Relief_Dragon_among_Clouds.jpg                     cached
    cma_167661_Shakyamuni_Triad__Buddha_Attended_by_Manjushri_and_Samantab   cached
    cma_160136_Writing_Books_under_the_Pine_Trees.jpg                        cached
    cma_159203_Mirror_with_Twin_Dragons_and_Lotus_Blossoms.jpg               cached
    cma_136295_Three_Horses_and_Four_Grooms.jpg                              0.4MB
    cma_311692_Meiping_Vase_with_carved_Dragon_Motif.jpg                     0.7MB
    cma_149390_White-Robed_Guanyin.jpg                                       0.9MB
    cma_284744_Jar_with_Handles_and_Vertical_Ribs.jpg                        1.7MB
    cma_132308_Leisure_Enough_to_Spare.jpg                                   0.2MB
    cma_147392_Potter_Seated_with_Double_Gourd_Vase.jpg                      1.0MB
    cma_160138_Streams_and_Mountains.jpg                                     1.4MB
    cma_160954_Mirror_with_Lotus_and_Mantra.jpg                              1.9MB
    cma_141200_Bodhidharma_Crossing_the_Yangzi_on_a_Reed.jpg                 0.8MB
    cma_149130_Plate_with_Peony_Decoration.jpg                               6.4MB
    cma_144286_Landscape_in_the_Style_of_Dong_Yuan_and_Juran.jpg             2.0MB
    cma_94983_Ramblers_over_a_Winding_Stream.jpg                             9.5MB
    cma_149413_River_Village__Fisherman_s_Joy.jpg                            6.9MB
    cma_135595_Nine_Songs.jpg                                                0.1MB
    cma_139746_Bamboo__Rocks__and_Lonely_Orchids.jpg                         0.1MB
    cma_140155_The_Woodcutter_of_Luofu.jpg                                   5.4MB
    cma_136668_The_Lantern_Night_Excursion_of_Zhong_Kui.jpg                  0.2MB
    cma_147906_A_Prunus_in_the_Moonlight.jpg                                 4.7MB
    cma_130496_Bamboo_in_the_Wind.jpg                                        2.6MB
    cma_169510_Round_Box_with_Bird_and_Peonies_Design.jpg                    1.6MB
    cma_159724_Yellow_Chrysanthemums_and_Red_Osmanthus_in_the_Style_of_Wan   1.2MB
    cma_140170_Stem_Cup_with_Dragon_Pursuing_Flaming_Jewel.jpg               4.8MB
    cma_159280_Textile_with_Phoenixes_and_Dragons.jpg                        11.9MB
    cma_150728_Bamboo_in_Four_Seasons__Summer.jpg                            2.8MB
    cma_160134_Buddha_s_Conversion_of_Five_Bhiksu.jpg                        0.6MB
    cma_145907_Lily_and_Butterflies.jpg                                      1.1MB
    cma_122368_Bulb_Bowl.jpg                                                 2.8MB
    cma_143462_Ink_Flowers.jpg                                               0.1MB
    cma_143274_The_Second_Coming_of_the_Fifth_Patriarch.jpg                  4.2MB
    cma_154391_Vajrapani_and_Garuda.jpg                                      1.8MB
    cma_149955_Vase__Meiping__with_Waves.jpg                                 4.7MB
    cma_167664_Shakyamuni_Triad__Buddha_Attended_by_Manjushri_and_Samantab   4.4MB
    cma_154392_Vajrapani_Embroidered_Mount_with_Garuda.jpg                   1.9MB
    cma_76526_Bowl_with_Carved_Lotus_Design.jpg                              0.9MB
    cma_154683_Buffalo_with_Rider.jpg                                        0.7MB
    cma_149682_Squirrels_on_the_Chestnut_Tree.jpg                            3.5MB
    cma_153142_Jar.jpg                                                       5.3MB
    cma_150903_Liu_Haichan.jpg                                               2.6MB
    cma_125997_Cup.jpg                                                       4.1MB
    cma_150901_Li_Tieguai__Liu_Haichan.jpg                                   2.1MB
    cma_167663_Shakyamuni_Triad__Buddha_Attended_by_Manjushri_and_Samantab   4.3MB
    cma_167662_Shakyamuni_Triad__Buddha_Attended_by_Manjushri_and_Samantab   4.3MB
    cma_150932_Landscape_Ink-Play.jpg                                        2.3MB
    cma_150730_Tao_Yuanming_s_Return_Home.jpg                                1.9MB
    cma_139831_Travelers_in_Autumn_Mountains.jpg                             7.4MB
    cma_169511_Round_Box_with_Bird_and_Peonies_Design.jpg                    1.1MB
    cma_154690_Dish_with_Flying_Crane_and_Clouds_in_Relief.jpg               1.5MB
    cma_150902_Li_Tieguai.jpg                                                2.5MB
    cma_160946_Herdboys_and_Buffalo_in_Landscapes.jpg                        2.2MB
    cma_125990_Jar_with_Dragon.jpg                                           1.4MB
    cma_154692_Incense_Burner_in_Form_of_Archaic_Lian_with_Peonies_in_Reli   1.0MB
    cma_160948_Herdboys_and_Buffalo_in_Landscape.jpg                         1.9MB
    cma_169512_Round_Box_with_Bird_and_Peonies_Design.jpg                    2.4MB
    cma_152827_Landscape_in_the_Manner_of_Ma_Yuan.jpg                        4.6MB
    cma_160947_Herdboys_and_Buffalo_in_Landscape.jpg                         4.7MB
    cma_148851_Peonies.jpg                                                   5.4MB
    cma_149391_White-Robed_Guanyin.jpg                                       0.7MB
    cma_150844_Shakyamuni_with_two_attendants.jpg                            1.0MB
    cma_97656_Wine_Jar.jpg                                                   1.0MB
    cma_154393_Vajrapani_Embroidered_Mount_with_Garuda.jpg                   1.2MB
    cma_173730_A_Pastoral_Scene.jpg                                          7.2MB
    cma_154394_Vajrapani_Embroidered_Mount_with_Garuda.jpg                   0.4MB
    cma_154395_Vajrapani_Embroidered_Mount_with_Garuda.jpg                   1.2MB
    cma_156897_Embroidery_from_a_Cloud_Collar__Ocean__Rocks__and_Peonies.j   2.1MB
    cma_134900_Pair_of_Vases_in_Shape_of_Cong__Southern_Celadon_Ware.jpg     1.1MB
    cma_99395_Lotus_Dish.jpg                                                 5.8MB
    cma_139448_Poetic_Feeling_in_a_Thatched_Pavilion.jpg                     0.2MB
    cma_155786_Brocade_with_Hares.jpg                                        3.1MB
    cma_153850_Lohans.jpg                                                    4.5MB
    cma_123434_Bahram_Gur_Slays_a_Dragon__verso__from_a_Shahnama__Book_of_   4.6MB
    cma_157123_Textile_with_Palmettes.jpg                                    0.9MB
    cma_123433_Bahram_Gur_Arrives_at_the_House_of_a_Merchant__text_page__r   4.4MB
    cma_123432_Bahram_Gur_Arrives_at_the_House_of_a_Merchant__text_page__r   3.9MB
    cma_152509_Textile_with_Tiny_Leaves.jpg                                  6.5MB
    cma_135807_Persian_Verses__The_Fortieth_Year_of_King_Kisra_Nushirwan_s   3.3MB
    cma_135806_Persian_Verses__The_Fortieth_Year_of_King_Kisra_Nushirwan_s   3.6MB
    cma_95046_Bowl_with_Flying_Birds.jpg                                     5.5MB
    cma_135808_Portrait_of_Nushirwan_the_Just__verso__from_a_Shahnama__Boo   3.4MB
    cma_124366_Fragment.jpg                                                  6.1MB
    cma_117487_Balustrade_Fragment_with_Animals_from_the_residence_of_Hajj   2.2MB
    cma_157441_Brocade_with_Lotus_Flowers.jpg                                3.7MB
    cma_124419_Folio_from_a_Persian_Manafi__al-Hayawan__The_Benefits_of_An   2.2MB
    cma_164658_Benefits_of_the_Parts_of_Vultures___From_the_Manafi__al-Hay   2.6MB
    cma_164659_Benefits_of_the_Parts_of_Vultures___From_the_Manafi__al-Hay   2.6MB
    cma_164660_Benefits_of_the_Parts_of_Vultures___From_the_Manafi__al-Hay   2.7MB
    cma_124286_Twelve-sided_Ewer_with_Sphinxes_and_Human-Headed_Inscriptio   5.1MB
    cma_106697_Ceramic_dish_with_deer__phoenix__and_lotus_blossoms.jpg       7.7MB
    cma_124417_Qualities_of_Ringdoves__recto__On_the_Benefits_of_Quails__v   2.9MB
    cma_124418_Folio_from_a_Persian_Manafi__al-Hayawan__The_Benefits_of_An   6.7MB
    cma_94963_Luster_Wall_Tile_with_a_Couple.jpg                             1.0MB
    cma_152587_Lampas_with_phoenixes_amid_undulating_vines.jpg               3.8MB
    cma_124428_Animals__Birds__and_Plants__verso__from_a_Mu_nis_al-Ahrar_f   6.9MB
    cma_124427_Animals__Precious_Stones__Coins__and_Musical_Instruments__r   6.7MB
    cma_124426_Animals__Precious_Stones__Coins__and_Musical_Instruments__r   3.9MB
    cma_95123_Wall_Tile_with_Lotus_Blossom.jpg                               1.5MB
    cma_98504_Velvet_with_gold_discs.jpg                                     7.3MB
    cma_95115_Wall_Tile.jpg                                                  1.2MB
    cma_124144_Lampas_with_phoenixes_and_palmettes.jpg                       6.3MB
    cma_123974_Episodes_from_the_Reigns_of_Khusrau_Parviz_and_Nushirwan_fr   2.7MB
    cma_123976_Khusrau_Parviz_Fleeing_Bahram_Chubineh_and_Being_Saved_by_A   2.7MB
    cma_123979_The_Reign_of_Nushirwan__The_Combat_between_the_Khan_of_Chin   2.5MB
    cma_95127_Wall_Tile.jpg                                                  0.8MB
    cma_123980_The_Reign_of_Nushirwan__the_Combat_between_the_Khan_of_Chin   7.4MB
    cma_123977_Bahram_Chubineh_captured_by_Khusrau_Parviz__verso__from_a_S   7.2MB
    cma_157147_Twenty-three_Deity_Nairatma_Mandala.jpg                       6.5MB
    cma_156886_Phoenix_and_Tree_Peony.jpg                                    3.2MB
    cma_127904_Fragment.jpg                                                  2.7MB
    cma_149076_Water_Buffalo_and_Herdboys.jpg                                4.9MB
    cma_149393_Plum_Blossoms_in_Moonlight.jpg                                9.2MB
    cma_145207_Old_Trees_by_a_Cool_Spring.jpg                                1.9MB
    cma_100559_Carrying_a_Qin_on_a_Visit.jpg                                 1.5MB
    cma_153729_Mountain_Landscape_in_Moonlight.jpg                           2.2MB
    cma_150727_Bamboo_in_Four_Seasons__Summer_and_Winter.jpg                 2.5MB
    cma_150729_Bamboo_in_Four_Seasons__Winter.jpg                            2.9MB
    cma_153352_Landscape_in_the_Style_of_Chao_Yuan.jpg                       7.8MB
    cma_146708_Waterfall.jpg                                                 2.8MB
    cma_163077_Bamboo_in_Four_Seasons__Spring.jpg                            3.4MB
    cma_173676_A_Palace.jpg                                                  8.0MB
    cma_163078_Bamboo_in_Four_Seasons__Autumn.jpg                            3.5MB
    cma_163076_Bamboo_in_Four_Seasons__Spring_and_Autumn.jpg                 2.3MB
    cma_150497_Dwelling_in_the_Longmian__Sleeping_Dragon__Mountains.jpg      2.9MB
    cma_150499_Dwelling_in_the_Longmian__Sleeping_Dragon__Mountains.jpg      7.2MB
    cma_150498_Dwelling_in_the_Longmian__Sleeping_Dragon__Mountains.jpg      7.3MB
    cma_150500_Dwelling_in_the_Longmian__Sleeping_Dragon__Mountains.jpg      7.6MB
    cma_153780_Sakyamuni_Buddha.jpg                                          1.3MB
    cma_94600_Court_Ladies_in_the_Imperial_Palace.jpg                        1.3MB
    cma_99451_Visiting_an_Old_Friend_in_the_Spring_Mountains.jpg             3.0MB
RECORDS: 140
