
### diez-albums  (49 张, 策略=原图)
    -> new 0 / cached 49 / fail 0

### gugu-hat  (2 张, 策略=1600px)
    -> new 0 / cached 2 / fail 0

### cloud-collar  (26 张, 策略=1600px)
    [429] 退避 30s
    -> new 4 / cached 22 / fail 0

### dress-mongol-yuan  (30 张, 策略=1600px)
    [429] 退避 30s
    -> new 3 / cached 27 / fail 0

### dress-yuan  (19 张, 策略=1600px)
    -> new 1 / cached 18 / fail 0

### chabi  (5 张, 策略=1600px)
    -> new 0 / cached 5 / fail 0

### yuan-empress-portraits  (53 张, 策略=1600px)
    -> new 0 / cached 53 / fail 0

### yuan-emperor-portraits  (30 张, 策略=1600px)
    -> new 0 / cached 30 / fail 0

### great-mongol-shahnama-h2153  (7 张, 策略=1600px)
    -> new 0 / cached 7 / fail 0

### abu-said-mongol-history  (14 张, 策略=1600px)
    -> new 0 / cached 14 / fail 0

### moko-shurai-ekotoba  (68 张, 策略=1200px)
    [429] 退避 30s
    [429] 退避 30s
    -> new 5 / cached 63 / fail 0

### ilkhanid-manuscripts  (134 张, 策略=1200px)
    -> new 0 / cached 134 / fail 0

### demotte-shahnama  (117 张, 策略=1200px)
    -> new 1 / cached 116 / fail 0
Traceback (most recent call last):
  File "/Users/zhangbing/Downloads/mongol-yuan-dress/tools/commons_dl2.py", line 105, in <module>
    tmap = thumburls(need, 2500 if res == "original" else res) if need else {}
  File "/Users/zhangbing/Downloads/mongol-yuan-dress/tools/commons_dl2.py", line 73, in thumburls
    d = api({"action":"query","prop":"imageinfo","iiprop":"url|size",
  File "/Users/zhangbing/Downloads/mongol-yuan-dress/tools/commons_dl2.py", line 62, in api
    with urllib.request.urlopen(req, timeout=60) as r:
  File "/Applications/Xcode.app/Contents/Developer/Library/Frameworks/Python3.framework/Versions/3.9/lib/python3.9/urllib/request.py", line 214, in urlopen
    return opener.open(url, data, timeout)
  File "/Applications/Xcode.app/Contents/Developer/Library/Frameworks/Python3.framework/Versions/3.9/lib/python3.9/urllib/request.py", line 523, in open
    response = meth(req, response)
  File "/Applications/Xcode.app/Contents/Developer/Library/Frameworks/Python3.framework/Versions/3.9/lib/python3.9/urllib/request.py", line 632, in http_response
    response = self.parent.error(
  File "/Applications/Xcode.app/Contents/Developer/Library/Frameworks/Python3.framework/Versions/3.9/lib/python3.9/urllib/request.py", line 561, in error
    return self._call_chain(*args)
  File "/Applications/Xcode.app/Contents/Developer/Library/Frameworks/Python3.framework/Versions/3.9/lib/python3.9/urllib/request.py", line 494, in _call_chain
    result = func(*args)
  File "/Applications/Xcode.app/Contents/Developer/Library/Frameworks/Python3.framework/Versions/3.9/lib/python3.9/urllib/request.py", line 641, in http_error_default
    raise HTTPError(req.full_url, code, msg, hdrs, fp)
urllib.error.HTTPError: HTTP Error 429: Too Many Requests
