diez-albums                                  cached
   429 -> sleep 10s
   429 -> sleep 20s
   429 -> sleep 10s
   429 -> sleep 20s
   429 -> sleep 10s
   429 -> sleep 10s
   429 -> sleep 10s
   429 -> sleep 20s
jami-al-tawarikh                             enumerated 983 titles
jami-al-tawarikh                               983 files     2414.3 MB  DONE
ilkhanid-manuscripts                         enumerated 134 titles
ilkhanid-manuscripts                           134 files     1040.6 MB  DONE
demotte-shahnama                             cached
great-mongol-shahnama-h2153                  cached
abu-said-mongol-history                      cached
dress-yuan                                   enumerated 19 titles
dress-yuan                                      19 files       32.3 MB  DONE
dress-mongol-yuan                            enumerated 30 titles
dress-mongol-yuan                               30 files       91.9 MB  DONE
gugu-hat                                     enumerated 2 titles
gugu-hat                                         2 files       10.3 MB  DONE
cloud-collar                                 enumerated 26 titles
cloud-collar                                    26 files       89.3 MB  DONE
yuan-emperor-portraits                       enumerated 30 titles
yuan-emperor-portraits                          30 files      299.3 MB  DONE
yuan-empress-portraits                       enumerated 53 titles
yuan-empress-portraits                          53 files      457.1 MB  DONE
chabi                                        enumerated 5 titles
chabi                                            5 files       31.6 MB  DONE
moko-shurai-ekotoba                          enumerated 68 titles
moko-shurai-ekotoba                             68 files     1129.2 MB  DONE
