
=== Mongol Court Dress Identity Formation and Global Exchange ===
   [openalex] oa=True m=1.00 2020  Mongol Court Dress, Identity Formation, and Global Exchange
   [openalex] oa=True m=0.14 2001  Global Buddhism: Developmental Periods, Regional Histories, and a 
       pdf: https://zenodo.org/records/1323520/files/Baumann_Global_Buddhism_JGB-2001.pdf
   [openalex] oa=True m=1.00 2021  Kate A. Lingley. Review of "Empire of Style: Silk and Fashion in T
   (有 PDF 但题名不匹配，跳过；见 oa_resolution.json)

=== The Spread of Gold Thread Production in the Mongol Period ===
   [openalex] oa=False m=1.00 2021  The Spread of Gold Thread Production in the Mongol Period: A Study
   [openalex] oa=True m=0.17 2007  Lords of the Auspicious Conjunction: Turco-Mongol Imperial Identit
       pdf: https://muse.jhu.edu/pub/5/article/210693/pdf
   [openalex] oa=True m=0.17 2020  Mongol Court Dress, Identity Formation, and Global Exchange
   (有 PDF 但题名不匹配，跳过；见 oa_resolution.json)

=== Comparative Study of Nasij and Jin Duan zi of Mongol Period ===
   [openalex] oa=True m=1.00 2020  Comparative Study of Nasij and Jin Duan zi of Mongol Period
       pdf: https://ccsenet.org/journal/index.php/ass/article/download/0/0/42640/44533
   [openalex] oa=True m=0.00 2022  Moğol İmparatorluğu’nda Tekstil Üretim Merkezleri
       pdf: https://dergipark.org.tr/tr/download/article-file/2449946
   -> OK   [200] https://ccsenet.org/journal/index.php/ass/article/download/0/0/42640/44533

=== Clothing Authority Mongol attire and textiles in the socio-political complex ===
   [openalex] oa=True m=0.25 2024  A Distinct Form of Socio-Political and Economic Organization in th
       pdf: https://www.mdpi.com/2076-0752/13/1/36/pdf?version=1708667854
   [openalex] oa=True m=0.00 2019  Cotton in ancient Sudan and Nubia
       pdf: http://journals.openedition.org/ethnoecologie/pdf/4429
   [openalex] oa=True m=0.00 2013  YONGHEGONG: IMPERIAL UNIVERSALISM AND THE ART AND ARCHITECTURE OF 
       pdf: http://hdl.handle.net/1808/12332
   (有 PDF 但题名不匹配，跳过；见 oa_resolution.json)

=== Buddhists as Natives Changing Positions in the Religious Ecology of the Mongol Yuan Dynast ===
   [openalex] oa=False m=1.00 2016  Buddhists as Natives: Changing Positions in the Religious Ecology 
   [openalex] oa=True m=0.22 2022  Chinggisid pluralism and religious competition: Buddhists, Muslims
       pdf: https://www.cambridge.org/core/services/aop-cambridge-core/content/view/52845D0BBE1067759A1ABD6D2A996108/S0026
   [openalex] oa=True m=0.11 2016  The White Cloud Movement: Local Activism and Buddhist Printing in 
       pdf: https://escholarship.org/uc/item/2w7452q0
   (有 PDF 但题名不匹配，跳过；见 oa_resolution.json)

=== The Borders of Rebellion The Yuan Dynasty and the Rhetoric of Empire ===
   [openalex] oa=True m=0.00 2015  Dynasties
       pdf: https://www.cambridge.org/core/services/aop-cambridge-core/content/view/7D432F4D07FB176F4BF8BC675A8D4D1D/97811
   [openalex] oa=True m=0.17 2018  Mobility, Empire and Cross-Cultural Contacts in Mongol Eurasia (MO
       pdf: https://medievalworlds.net/0xc1aa5576_0x003a16e8.pdf
   [openalex] oa=True m=0.17 2022  Growing up before the Rebellion: Merchant Organization and Local A
       pdf: https://muse.jhu.edu/article/856964/pdf
   (有 PDF 但题名不匹配，跳过；见 oa_resolution.json)

=== Chinese Empire Yuan Dynasty 1279-1368 Encyclopedia of Empire Brose ===
   [openalex] oa=True m=0.00 2019  Muslims as “Hui” in Late Imperial and Republican China. A Historic
       pdf: https://www.ssoar.info/ssoar/handle/document/63238
   [openalex] oa=True m=0.38 2025  Four-Class System (sideng renzhi 四等人制) of Administration During th
       pdf: https://ojs.elte.hu/tkt/article/download/9849/8225
   [openalex] oa=True m=0.12 2025  Living Conditions of the Conquered Under Mongol Rule in China and 
       pdf: https://edit.elte.hu/xmlui/bitstream/10831/116380/1/Frank%20%28PhD%20disseration%29.pdf
   (有 PDF 但题名不匹配，跳过；见 oa_resolution.json)

=== The Art History and Material Culture of the Yuan Empire McCausland ===
   [openalex] oa=True m=0.14 2018  Mobility, Empire and Cross-Cultural Contacts in Mongol Eurasia (MO
       pdf: https://medievalworlds.net/0xc1aa5576_0x003a16e8.pdf
   [openalex] oa=True m=0.86 2022  The Art History and Material Culture of the Yuan Empire
       pdf: https://api.taylorfrancis.com/content/chapters/edit/download?identifierName=doi&identifierValue=10.4324/978131
   [openalex] oa=True m=0.14 2023  Following in Mongolian’s Footsteps—The Identity Research of Braid 
       pdf: https://www.hillpublisher.com/ArticleDetails.aspx?type=PDF&cid=2470
   -> fail [200] https://api.taylorfrancis.com/content/chapters/edit/download?identifierName=doi&identifierValue=10.4

=== Neidan Visuality into Painting Huang Gongwang Clearing after Sudden Snow ===
   [openalex] oa=True m=0.80 2023  Transforming Inner Alchemical Vision into Painting: Huang Gongwang
       pdf: https://www.mdpi.com/2077-1444/14/7/861/pdf?version=1688136691
   -> OK   [200] https://mdpi-res.com/d_attachment/religions/religions-14-00861/article_deploy/religions-14-00861.pdf

=== Representation of landscape in Chinese and Persian painting Yuan Ilkhanid ===
   [openalex] oa=True m=0.29 2024  Zen in Early Persian Painting—A Study of the 1314–1315 Jāmiʿ al-Ta
       pdf: https://www.mdpi.com/2077-1444/15/1/75/pdf?version=1704704466
   [openalex] oa=True m=0.14 2017  Persian Allegory of Chinoiserie Motifs-Dragon and Phoenix or Simur
       pdf: https://ijmcr.com/index.php/ijmcr/article/download/05.04.20/577
   [openalex] oa=True m=0.00 2020  Mongol Court Dress, Identity Formation, and Global Exchange
   (有 PDF 但题名不匹配，跳过；见 oa_resolution.json)

=== Mongol dress in the thirteenth and fourteenth centuries Denney ===
   [openalex] oa=True m=0.17 2018  13th - 14th century Yuan and Mongol silk-gold textiles: transcultu
       pdf: https://eprints.soas.ac.uk/30322/1/4612_Lunde.pdf
   [openalex] oa=True m=0.17 2017  Inscribed Horizontal Bands on Two Cloth-of-Gold Panels and Their F
       pdf: https://quod.lib.umich.edu/cgi/p/pod/dod-idx/inscribed-horizontal-bands-on-two-cloth-of-gold-panels.pdf?c=ars;
   [openalex] oa=True m=0.00 2024  Yangzhou, 1342: Caterina Vilioni's Passport to the Afterlife
       pdf: https://www.cambridge.org/core/services/aop-cambridge-core/content/view/B582E07142C45798F3F827025346DE7D/S0080
   (有 PDF 但题名不匹配，跳过；见 oa_resolution.json)

=== nasij cloth of gold Mongol textiles Central Asia weavers deportation ===

=== jisun robe Yuan dynasty one colour clothing imperial banquet ===
   [openalex] oa=True m=0.00 2025  The significance of feathers in early and medieval China

=== boqta gugu hat Mongol women headdress ===
   [openalex] oa=True m=0.17 2020  Mongol Court Dress, Identity Formation, and Global Exchange
   [openalex] oa=True m=0.00 2026  Armed Mongols in the Oratory of San Giorgio of Padua in the Late F
       pdf: https://www.cambridge.org/core/services/aop-cambridge-core/content/view/3BD66A3DE0CAF89F723AD142E81AADE8/S0424
   (有 PDF 但题名不匹配，跳过；见 oa_resolution.json)

=== Yuan dynasty official costume system ethnic identity ===
   [openalex] oa=True m=0.00 1998  Tourism, Ethnicity and the State in Asian and Pacific Societies
       pdf: https://scholarspace.manoa.hawaii.edu/bitstreams/3238fe0d-61dd-40db-bff1-40a6eddc9eca/download
   [openalex] oa=True m=0.00 2022  Virtual simulation of Yue Opera costumes and fashion design based 
       pdf: https://fashionandtextiles.springeropen.com/counter/pdf/10.1186/s40691-022-00300-0
   [openalex] oa=True m=0.14 1997  Not quite Han: The ethnic minorities of China's Southwest
       pdf: https://www.tandfonline.com/doi/pdf/10.1080/14672715.1997.10413095?needAccess=true
   (有 PDF 但题名不匹配，跳过；见 oa_resolution.json)

=== Mongol Empire textiles trade Chinggisid gift giving silk ===
   [openalex] oa=True m=0.00 2012  Inner Asian States and Empires: Theories and Synthesis
       pdf: https://link.springer.com/content/pdf/10.1007/s10814-011-9053-2.pdf
   [openalex] oa=True m=0.00 2023  4.A Political Organization
       pdf: https://www.degruyter.com/document/doi/10.1515/9783110607628-005/pdf
   [openalex] oa=True m=0.00 2017  Тhe Golden Horde and the Mamluks
       pdf: http://goldhorde.ru/wp-content/uploads/2017/03/ЗО-1-2017-93-115.pdf
   (有 PDF 但题名不匹配，跳过；见 oa_resolution.json)

=== semu ren color-eyed people Yuan dynasty ethnic classification ===

=== four class system Yuan dynasty Mongols semu Han Nan critique ===
   [openalex] oa=True m=0.10 2019  Peculiar Living Shrines and Yuan Governance as Background to Ming 
       pdf: https://escholarship.org/uc/item/4rm9v7m8
   [openalex] oa=True m=0.00 2018  Biographical rhetorics : narrative and power in Yuanshi biography
       pdf: http://etheses.bham.ac.uk/8267/1/Humble18PhD.pdf
   [openalex] oa=True m=0.00 2024  Yangzhou, 1342: Caterina Vilioni's Passport to the Afterlife
       pdf: https://www.cambridge.org/core/services/aop-cambridge-core/content/view/B582E07142C45798F3F827025346DE7D/S0080
   (有 PDF 但题名不匹配，跳过；见 oa_resolution.json)

=== keshig imperial guard Yuan dynasty ===
   [openalex] oa=True m=0.00 2016  The Jalayirids: Dynastic State Formation in the Mongol Middle East
       pdf: https://openresearchlibrary.org/ext/api/media/ac3aa031-8e7d-4cee-8977-93fd7722eed4/assets/external_content.pdf
   [openalex] oa=True m=0.00 2018  The Golden Horde, the Spanish Habsburg Monarchy, and the Construct
       pdf: https://brill.com/downloadpdf/book/edcoll/9789004315716/BP000006.pdf
   [openalex] oa=True m=0.00 2019  In the Shadow of the Mongol Empire
       pdf: https://www.cambridge.org/core/services/aop-cambridge-core/content/view/E1D086046BE9FCD69F9683554D391576/97811
   (有 PDF 但题名不匹配，跳过；见 oa_resolution.json)

=== Jininglu hoard Yuan dynasty textiles Inner Mongolia ===

拿到全文 2/20
