
=== [exact] Mongol Court Dress Identity Formation and Global Exchange ===
   候选 4 / 采纳 0

=== [exact] The Spread of Gold Thread Production in the Mongol Period ===
   候选 4 / 采纳 0

=== [exact] Comparative Study of Nasij and Jin Duan zi of Mongol Period ===
   候选 2 / 采纳 1
   OK   [200] 2020_Comparative_Study_of_Nasij_and_Jin_Duan_zi_of_Mongol_Period

=== [exact] Buddhists as Natives Changing Positions in the Religious Ecology of the Mongol Yuan Dyna ===
   候选 4 / 采纳 0

=== [exact] The Borders of Rebellion The Yuan Dynasty and the Rhetoric of Empire ===
   候选 4 / 采纳 0

=== [exact] The Art History and Material Culture of the Yuan Empire ===
   候选 4 / 采纳 0

=== [exact] Neidan Visuality into Painting Huang Gongwang Clearing after Sudden Snow ===
   候选 1 / 采纳 1
   fail [403] 2023_Transforming_Inner_Alchemical_Vision_into_Painting_Huang_Gongwang_s_C

=== [topic] Mongol court dress textiles identity ===
   候选 25 / 采纳 6
   fail [000] 2018_13th_-_14th_century_Yuan_and_Mongol_silk-gold_textiles_transcultural_
   fail [200] 2015_Mongol_Clothing_in_the_Yuan_Period
   fail [202] 2016_The_White_Cloud_Movement_Local_Activism_and_Buddhist_Printing_in_Chin
   OK   [200] 2024_The_cosmopolitanism_of_Karakorum_capital_of_the_Mongol_empire_in_Mong
   fail [403] 2010_Islam_and_the_Millennium_Sacred_Kingship_and_Popular_Imagination_in_E
   fail [000] 2014_The_Yörüks_Their_Origins_Expansion_and_Economic_Role

=== [topic] nasij cloth of gold Mongol textiles ===
   候选 14 / 采纳 4
   fail [000] 2013_Tabriz_on_the_Silk_Roads_Thirteenth-Century_Eurasian_Cultural_Connect
   fail [403] 2025_Marco_Polo_s_journey_throughout_the_Mongol_Yuan_Empire_and_his_possib
   fail [404] 2021_Courtly_Encounters_along_the_Silk_Roads_Diplomats_Diplomatic_Gifts_an
   fail [200] 2022_The_Art_History_and_Material_Culture_of_the_Yuan_Empire

=== [topic] jisun one colour robe Yuan imperial banquet ===
   候选 1 / 采纳 0

=== [topic] boqta gugu hat Mongol women headdress ===
   候选 2 / 采纳 1
   OK   [200] 2026_Armed_Mongols_in_the_Oratory_of_San_Giorgio_of_Padua_in_the_Late_Four

=== [topic] Yuan dynasty costume clothing system ===
   候选 25 / 采纳 1
   OK   [200] 2023_Following_in_Mongolian_s_Footsteps_The_Identity_Research_of_Braid_Rob

=== [topic] Mongol period silk weavers deportation Central Asia craftsmen ===
   候选 7 / 采纳 1
   OK   [200] 2026_THE_SILK_ROADS_AND_THE_TIMURID_EMPIRE_COMMERCIAL_DIPLOMATIC_AND_CULTU

=== [topic] cloud collar yunjian textile ornament Yuan ===
   候选 6 / 采纳 1
   OK   [200] 2024_La_evolución_histórica_del_teatro_chino_y_su_integración_de_las_artes

=== [topic] Yuan dynasty tomb murals material culture dress ===
   候选 25 / 采纳 3
   fail [202] 2024_Bringing_the_queen_mother_of_the_west_to_life_Digital_reconstruction_
   fail [403] 2023_Riders_in_the_Tomb_Women_Equestrians_in_North_Chinese_Funerary_Art_10
   fail [000] 2025_Characterizing_pigments_dyes_and_fibers_in_murals_from_Bezeklik_Cave_

=== [topic] Mongol Empire gift giving silk robes of honour ===
   候选 25 / 采纳 5
   fail [200] 2023_Provincializing_histories_of_missions_through_food_friars_and_the_con
   fail [200] 2010_The_Hephthalites
   fail [000] 2024_Yangzhou_1342_Caterina_Vilioni_s_Passport_to_the_Afterlife
   fail [403] 2009_Mongolia_Naadam_Festival_past_and_present_in_the_construction_of_nati
   fail [000] 2019_Everyday_Hospitality_in_Mongolia

=== [topic] semu ren Yuan dynasty ethnic classification four class system ===
   候选 10 / 采纳 4
   fail [202] 2015_Notes
   OK   [200] 2026_The_Chickpea_in_Premodern_China_A_Perpetual_Foreigner_in_the_Central_
   fail [200] 2013_Genre_and_Empire_Historical_Romance_and_Sixteenth-Century_Chinese_Cul
   fail [403] 2025_Four-Class_System_sideng_renzhi_四等人制_of_Administration_During_the_Yua

=== [topic] Yuan dynasty government institutions Mongol rule China ===
   候选 33 / 采纳 16
   OK   [200] 2019_In_the_Shadow_of_the_Mongol_Empire
   OK   [200] 1956_Chinese_porcelains_from_the_Ardebil_shrine
   fail [000] 2013_By_the_Power_of_Eternal_Heaven_The_Meaning_of_Tenggeri_to_the_Governm
   OK   [200] 2016_NINE_SLOUGHS_PROFILING_THE_CLIMATE_HISTORY_OF_THE_YUAN_AND_MING_DYNAS
   fail [000] 2024_The_rise_and_fall_of_paper_money_in_Yuan_China_1260_1368
   fail [000] 2016_The_Jalayirids_Dynastic_State_Formation_in_the_Mongol_Middle_East
   fail [200] 2014_The_FirsT_Mongol_ConTaCTs_wiTh_The_TibeTans_1
   OK   [200] 2021_Mapping_Karakorum_the_capital_of_the_Mongol_Empire
   OK   [200] 2018_The_Muslim_Merchants_of_Premodern_China
   OK   [200] 2020_Karakorum_the_first_capital_of_the_Mongol_world_empire_an_imperial_ci
   fail [403] 2024_Some_Cases_of_Official_Corruption_in_the_Yuan_dynasty_Based_on_Chines
   fail [403] 2025_Veneration_of_the_Buddhist_Canon_and_National_Integration_in_the_Yuan
   fail [404] 2023_Discussion_on_Guidelines_of_the_Mongol_Regime_for_Agricultural_Promot
   fail [403] 2025_From_Taso_to_Erke_ün_The_Transformation_of_East_Syriac_Christian_Desi
   fail [403] 2024_cross-border_perception_of_Bayising_Pansheng_板升_among_government_offi
   fail [200] 2026_The_System_and_Operations_of_the_Yuan_Dynasty_s_Station

=== [topic] keshig imperial guard Mongol Empire ===
   候选 25 / 采纳 12
   OK   [200] 2018_Mobility_Empire_and_Cross-Cultural_Contacts_in_Mongol_Eurasia_MONGOL
   fail [200] 2017_Introduction
   fail [200] 2013_Rashīd_al-Dīn_and_the_making_of_history_in_Mongol_Iran
   fail [200] 2007_The_Date_of_the_Secert_History_of_the_Mongols_Reconsidered
   OK   [200] 2021_An_Analysis_of_Joči_s_Debated_Paternity_and_His_Role_in_the_Altan_Uru
   fail [200] 2020_Turning_toward_Edification_Foreigners_in_Chosŏn_Korea
   fail [000] 2013_Toluid_dynamics_of_Asia_flexibility_legality_and_identity_within_Tolu
   OK   [200] 2025_The_Cambridge_History_of_the_Mongol_Empire_and_the_State_of_the_Field
   OK   [200] 2018_The_Golden_Horde_the_Spanish_Habsburg_Monarchy_and_the_Construction_o
   OK   [200] 2025_An_ulus_within_an_ulus_the_afterlife_of_Ariq_Böke_s_appanage_in_the_M
   OK   [200] 2024_The_curious_case_of_the_iniquitous_in-laws_Oirat_disloyalty_in_Mongol
   OK   [200] 2019_Book_Review_Seleznev_Yu.V._Kartiny_ordynskogo_iga_Scenes_of_the_Horde

=== [topic] darughachi Mongol administration ===
   候选 25 / 采纳 15
   fail [000] 2008_Iran_under_Mongol_domination_The_effectiveness_and_failings_of_a_dual
   fail [403] 2024_The_Sacred_Federation_of_Tibet_and_the_Mongol_Empire
   OK   [200] 2023_The_Mongol_Empire_and_the_Prosperity_of_the_Silk_Road
   fail [404] 2013_Europeans_and_the_steppe_Russian_lands_under_the_Mongol_rule
   OK   [200] 2011_Mongol_Administration_in_Greater_Armenia_1243_1275
   OK   [200] 2023_Postal_organisation_yam_in_the_Golden_Horde
   OK   [200] 2011_Conclusion
   OK   [200] 2011_The_Mongols_and_the_Armenians_1220-1335
   fail [403] 2021_The_Objects_of_Loyalty_in_the_Early_Mongol_Empire_Twelfth_and_Thirtee
   fail [202] 2019_Peculiar_Living_Shrines_and_Yuan_Governance_as_Background_to_Ming_Pop
   fail [404] 2025_Living_Conditions_of_the_Conquered_Under_Mongol_Rule_in_China_and_The
   OK   [200] 2024_A_first_draft_of_history_Nasawī_s_Account_of_the_Tatars_and_Early_Per
   OK   [200] 2026_A_Reassessment_of_Khubilai_Khan_s_Grand_Unification_Plan_and_the_Gold
   fail [202] 2025_5_128Reaffirming_Slavery_in_Late_Koryŏ

=== [topic] Yuan dynasty civil service examination ethnic quota ===
   候选 25 / 采纳 3
   fail [200] 2010_Linzhang_county_and_the_culturally_central_periphery_in_mid-Ming_Chin
   fail [429] 2016_The_Cartographic_Steppe_Mapping_Environment_and_Ethnicity_in_Japan_s_
   fail [202] 2019_Re-Writing_Dali_the_Construction_of_an_Imperial_Locality_in_the_Borde

=== [topic] Rashid al-Din Jami al-Tawarikh illustrated manuscript Ilkhanid ===
   候选 25 / 采纳 16
   OK   [200] 2018_Ancient_Iranian_Kings_in_the_World_History_of_Rashid_Al-Din
   fail [200] 2007_Lords_of_the_Auspicious_Conjunction_Turco-Mongol_Imperial_Identity_on
   fail [000] 2023_An_Evaluation_on_the_Pictures_of_Jâmiʿ_Al-Tevârîkḫ_s_Tashkent_Copy_Nu
   fail [403] 2024_Zen_in_Early_Persian_Painting_A_Study_of_the_1314_1315_Jāmiʿ_al-Tavār
   OK   [200] 2023_Samarqand_s_Congregational_Mosque_of_Bibi_Khanum_as_a_Representation_
   OK   [200] 2023_Matteo_Ricci_as_an_Islamicate_informant._Two_moments_of_connection_in
   OK   [200] 2021_A_Comparative_Study_between_the_Texts_and_Images_of_Abu_Bakr_and_Imam
   fail [202] 2012_The_Life_and_Works_of_Rashīd_al-Dīn_Jewish_Vizier_in_the_Mongol_Ilkha
   OK   [200] 2022_Revisiting_Buddhism_in_Ilkhanid_Iran_Archaeology_Toponymy_and_Visual_
   fail [202] 2023_A_SCHOLARLY_COPYIST_EARLY_ILKHANID_INTELLECTUAL_NETWORKS_THROUGH_THE_
   OK   [200] 2024_Islamic_Expansion_into_Central_Asia_and_Muslim-Buddhist_Encounters
   OK   [200] 2025_Reconstructing_Rashīdī_Manuscript_Production_The_Case_for_a_Baghdad_S
   OK   [200] 2023_Reinvention_of_Padishah-i_Islam_in_the_Visual_Representations_of_Ghaz
   OK   [200] 2025_The_History_of_Mar_Yahballaha_and_Rabban_Sauma_The_Uyghur_Marco_Polo
   fail [200] 2022_None
   OK   [200] 2025_Political_Fragmentation_of_the_Mongol_Empire_Islam_Diplomacy_and_Powe

=== [topic] Great Mongol Shahnama Ilkhanid painting ===
   候选 25 / 采纳 9
   OK   [200] 2022_Three_Ways_of_Reading_a_Frontispiece_The_Example_of_the_Cairo_Būstān
   fail [200] 2008_Abd_al-Rahman_Jami_Naqshbandi_Sufi_Persian_Poet
   fail [403] 2024_The_Impact_of_Political_and_Cultural_Alterations_on_Crown_Designs_in_
   OK   [200] 2023_The_Frontispiece_as_Patron_s_Statement
   OK   [200] 2017_Visualization_of_Texts
   fail [200] 2010_Kunst_mit_Botschaft_Der_Gold-Seide-Stoff_für_den_Ilchan_Abū_Saʽīd_von
   OK   [200] 2025_Dual-Trunk_Wāq_Tree_in_the_Demūt_Shāhnāma_Kabbalistic_Reflections_in_
   OK   [200] 2025_Museum_Artifacts_as_Linguistic_Archives_Exploring_Linguistic_Insights
   fail [200] 2023_Narrative_Scenes_on_Medieval_Metalwork._c2023

=== [topic] Ilkhanid Persian painting Chinese influence ===
   候选 25 / 采纳 7
   OK   [200] 2020_The_Evolution_of_Iranian_Carpet_Designs_with_the_Influence_of_Islam_a
   fail [000] 2024_Uncovering_Islamic_Art_al-Birūnī_and_the_Ilkhanid_Miniatures
   OK   [200] 2022_Transmission_of_Persian_medicine_into_China_across_the_ages
   fail [403] 2020_The_Abode_of_Water_Shipwreck_Evidence_and_the_Maritime_Circulation_of
   fail [200] 2013_The_Observational_Instruments_at_the_Maragha_Observatory_after_AD_130
   OK   [200] 2025_Chinese_Elements_in_Persian_Paintings
   fail [000] 2020_Armenia_Georgia_Islam_A_Need_to_Break_Taboos_in_the_Study_of_Medieval

=== [topic] Diez Albums Berlin Persian miniature ===
   候选 23 / 采纳 4
   fail [000] 2020_Depictions_of_the_Ark_of_Noah_and_the_Giant_Uj_In_Kulliyat-i_Tarikhi_
   OK   [200] 2012_The_Turkman_Commercial_Style_of_Painting
   fail [202] 2023_TIMES_OF_DISINTEGRATION_AND_CALAMITIES_AẒHAR_AND_HIS_MYSTERIOUS_COLOP
   fail [000] 2011_Fourteenth_century_fine_glazed_wares_produced_in_the_Iranian_world_an

=== [topic] Mongol invasion of Japan Moko Shurai Ekotoba scrolls ===
   候选 3 / 采纳 2
   OK   [200] 2020_Kubilay_Han_Doneminde_Mogol-Japon_Iliskilerine_Dair_Japonca_Kaynaklar
   fail [000] 2015_竹崎季長が絵解きする_蒙古襲来絵詞_矢羽と風から

=== [topic] Golden Horde archaeology material culture ===
   候选 25 / 采纳 18
   OK   [200] 2021_Russian_russian_things_from_the_golden_horde_capital-the_city_of_Sara
   OK   [200] 2019_The_Political_History_of_the_Golden_Horde_in_1419_1427
   OK   [200] 2019_Mongolian_Nomads_in_the_Ulus_of_Jochi_Golden_Horde_According_to_Archa
   OK   [200] 2022_Komintern_III_Settlement_of_the_Golden_Horde_Epoch_in_Tatarstan
   OK   [200] 2017_Institution_of_Atalykship_in_the_Post-Golden_Horde_World
   OK   [200] 2016_Domination_of_the_Golden_Horde_in_Wallachia_and_Moldavia
   OK   [200] 2022_Problem_questions_in_studying_of_the_Golden_Horde_city_Mokhshi
   OK   [200] 2023_The_Yabalakly-1_Settlement_New_Materials_on_the_Chiyalik_Culture_of_t
   OK   [200] 2022_CHRONOLOGY_OF_THE_GOLDEN_HORDE_IN_KAZAKHSTAN_14C_DATING_OF_JOCHI_KHAN
   OK   [200] 2013_Birds_of_the_Middle_Volga_River_Region_in_5th_to_18th_Centuries_AD_ba
   OK   [200] 2019_The_Village_of_Tatarskaya_Bashmakovka_Archaeology_and_Ethnography._Th
   OK   [200] 2021_Glazed_Ware_from_the_Golden_Horde_Period_in_the_Central_Museum_of_Tau
   OK   [200] 2019_The_Golden_Horde_Traditions_in_the_Kazan_Tatars_Jewelry_Art_On_the_Ex
   fail [000] 2018_The_Ancient_Settlement_of_Ufa-II_in_the_Golden_Horde_Period
   OK   [200] 2021_Archaeoichthyological_Research_of_Settlements_of_the_Golden_Horde_Per
   OK   [200] 2021_Burials_with_Signs_of_the_Muslim_Rite_Among_the_Nomads_of_the_Golden_
   OK   [200] 2023_Archaeobotanical_Materials_from_the_Golden_Horde_Settlements_of_the_S
   OK   [200] 2023_The_Life_and_Activity_of_the_Golden_Horde_Settlement_on_the_Territory

=== [topic] Mongol Empire trade exchange Eurasia textiles ===
   候选 28 / 采纳 14
   fail [202] 2023_Silk_Road_and_Trade_of_the_Mongol_Empire
   OK   [200] 2018_The_Mongol_Peace_and_Global_Medieval_Eurasia
   fail [403] 2023_Genetic_population_structure_of_the_Xiongnu_Empire_at_imperial_and_lo
   fail [202] 2023_1_Beyond_the_Silk_Road_Toward_Alternative_Models_of_Transimperial_Exc
   fail [200] 2018_The_economy_of_empire_building_wild_ginseng_sable_fur_and_the_multipl
   OK   [200] 2019_STEPPE_NOMADS_IN_THE_EURASIAN_TRADE
   fail [000] 2007_Nomads_Empires_States
   OK   [200] 2015_The_Cambridge_World_History
   OK   [200] 2018_Urban_and_nomadic_isotopic_niches_reveal_dietary_connectivities_along
   OK   [200] 2023_Permafrost_preservation_reveals_proteomic_evidence_for_yak_milk_consu
   OK   [200] 2023_From_the_Tian_Shan_to_Crimea_Dynamics_of_Plague_Spread_during_the_Ear
   OK   [200] 2023_Archaeology_of_the_Silk_Road_Challenges_of_Scale_and_Storytelling
   fail [200] 2021_Mobility_and_Immobility_in_the_Mongol_Empire
   fail [200] 2023_The_Case_for_Science_Diplomacy_in_Mongol_Eurasia

合计拿到全文 71 篇
