[ 1/56] FAIL Buddhists as Natives: Changing Positions in the Religious Ecology of the Mongo   0KB  FAIL http=403 type=text/html; charset=UTF-8 size=3560
[ 2/56] FAIL China, imperial: 6. Yuan dynasty period, 1279–1368                               0KB  FAIL http=403 type=text/html; charset=UTF-8 size=3569
[ 3/56] OK  Reflections on the Changes of Court Painting and Painting Mounting of Song and   232KB  
[ 4/56] FAIL Semiosphere and Solitary World: A semiotic study of Chinese landscape painting   0KB  FAIL http=403 type=text/html; charset=UTF-8 size=3590
[ 5/56] FAIL The Borders of Rebellion: The Yuan Dynasty and the Rhetoric of Empire            0KB  FAIL http=403 type=text/html; charset=UTF-8 size=3596
[ 6/56] OK  Introspecting to the Modernity of Zen and the Characters of Literati Paintings   2365KB  
[ 7/56] OK  Wondering with Things and Minds Talking About the Zhao Mengfu’s “Quehua Qiuse    215KB  
[ 8/56] FAIL The Interests of the Rulers, Agents and Merchants behind the Southward Expansi   0KB  FAIL http=403 type=text/html; charset=UTF-8 size=3729
[ 9/56] OK  Zhao Mengfu                                                                      1119KB  
[10/56] FAIL The Art History and Material Culture of the Yuan Empire                          0KB  FAIL http=000 type= size=0
[11/56] FAIL Strange Weather: Art, Politics, and Climate Change at the Court of Northern So   0KB  FAIL http=403 type=text/html; charset=UTF-8 size=6108
[12/56] OK  Calligraphic Techniques in Painting: The Aesthetic Expression and Literary Sig   1080KB  
[13/56] FAIL Landscape representation in the Chinese and Persian paintings (Yuan-Song/Īl-Kh   0KB  FAIL http=200 type=text/html; charset=UTF-8 size=0
[14/56] FAIL The Collapse of Yuan Dynasty from the Drinking Habit of the Mongolian            0KB  FAIL http=000 type= size=0
[15/56] OK  . Painting Aesthetics and Educational Enlightenment of Ren Renfa in Yuan Dynas   2243KB  
[16/56] OK  Yuan Dynasty Religious Art View                                                  1404KB  
[17/56] FAIL The Landscape of Literati Interaction in the Late Yuan Dynasty: Analysis of So   0KB  FAIL http=412 type=text/html; charset=utf-8 size=2622
[18/56] FAIL . On official corruption in the Yuan dynasty                                     0KB  FAIL http=000 type= size=0
[19/56] FAIL .                                                                                0KB  FAIL http=403 type=text/html size=610
[20/56] FAIL AN OVERVIEW OF THE GOLDEN HORDE STUDIES AND THE PLACE OF GENGHIZNAME AND SHIBA   0KB  FAIL http=403 type=text/html; charset=UTF-8 size=3546
[21/56] FAIL New methodological approaches to the study of political history of the Golden    0KB  FAIL http=403 type=text/html; charset=UTF-8 size=3620
[22/56] FAIL .                                                                                0KB  FAIL http=403 type=text/html size=610
[23/56] FAIL MEDIEVAL HISTORY OF CENTRAL EURASIA                                              0KB  FAIL http=000 type= size=0
[24/56] FAIL THE END OF THE GOLDEN HORDE DOMINATION IN THE TERRITORY BETWEEN EASTERN CARPAT   0KB  FAIL http=403 type=text/html; charset=UTF-8 size=6109
[25/56] FAIL Ceramics, Ethnicity, and Style: Understanding Social Boundaries and Ceramic Ex   0KB  FAIL http=200 type=text/html; charset=UTF-8 size=985
[26/56] OK  Agriculture, cattle breeding and trade in the Golden Horde based on data from    247KB  
[27/56] OK  Trade in the Golden Horde Volga Region                                           167KB  
[28/56] OK  Europeans and the Steppe: Russian lands under the Mongol Rule’                   426KB  
[29/56] FAIL Traces of Islamic Sovereignty in Eastern Europe in the Middle Ages.              0KB  FAIL http=timeout type= size=0
[30/56] OK  Preliminary Remarks on the Role of Disease in the History of the Golden Horde,   780KB  
[31/56] OK  An Agenda for Research on the Golden Horde                                       125KB  
[32/56] OK  Mongol or Not?: The Rise of an Islamic Turkic Culture in Transoxiana             66KB  
[33/56] OK  The Islamic High Culture of the Golden Horde                                     187KB  
[34/56] OK  Tribal Politics and Social Organization in the Golder Horde                      13356KB  
[35/56] FAIL . Historical Context of the Treaties Between Genoa and the Golden Horde 1380-1   0KB  FAIL http=000 type= size=0
[36/56] FAIL . Russian ulus” of the Golden Horde. Russian history                             0KB  FAIL http=403 type=text/html; charset=UTF-8 size=3663
[37/56] OK  The impact of the Black death on the Golden Horde: politics, economy, society,   415KB  
[38/56] OK  The rise of urban centers in the Golden Horde and the city of Ükek               813KB  
[39/56] FAIL An Empire Within an Empire?.                                                     0KB  FAIL http=403 type=text/html; charset=UTF-8 size=3735
[40/56] FAIL Golden Horde Khanate                                                             0KB  FAIL http=403 type=text/html; charset=UTF-8 size=3581
[41/56] FAIL The Crimean Khanate and the Great Horde (1440s–1500s): A Fight for Primacy       0KB  FAIL http=403 type=text/html; charset=UTF-8 size=3621
[42/56] FAIL . ARCHAEOLOGY AND THE MATERIAL CULTURE OF THE ULUS JÖCHI (GOLDEN HORDE).         0KB  FAIL http=403 type=text/html; charset=UTF-8 size=3647
[43/56] FAIL Outfought and Outthought: Reassessing the Mongol Invasions of Japan              0KB  FAIL http=000 type= size=0
[44/56] FAIL Mongol Intentions towards Japan in 1266: Evidence from a Mongol Letter to the    0KB  FAIL http=000 type= size=0
[45/56] FAIL ‘Forced Self-Reliance: The Kamakura Bakufu Defense against the Mongol Invasion   0KB  FAIL http=000 type= size=0
[46/56] FAIL Myth, Memory and the Scrolls of the Mongol Invasions of Japan                    0KB  FAIL http=403 type=text/html; charset=UTF-8 size=3616
[47/56] OK  Locating history in post-war Japan: Are the Mongol invasions of 1274 and 1281    334KB  
[48/56] OK  The Mongol invasion of Japan                                                     18078KB  
[49/56] FAIL Mongol Invasions of Northeast Asia Korea and Japan                               0KB  FAIL http=403 type=text/html; charset=UTF-8 size=3661
[50/56] FAIL The Origin of the Lost Fleet of the Mongol Empire                                0KB  FAIL http=403 type=text/html; charset=UTF-8 size=3624
[51/56] OK  The Archaeological Investigation of “Kamikaze” The Mongol Invasion of Japan      582KB  
[52/56] FAIL Discarding the Mongol way of war: a geostrategic analysis of the Mongol expedi   0KB  FAIL http=200 type=text/html size=672
[53/56] FAIL Mōko shūrai ekotoba (” Illustrated Account of the Mongol Invasions”): A Case S   0KB  FAIL http=403 type=text/html; charset=UTF-8 size=3615
[54/56] FAIL The Mongol Invasions of Japan 1274 and 1281                                      0KB  FAIL http=timeout type= size=0
[55/56] OK  赵旭东 侈糜、奢华与支配——十三世纪蒙古游牧帝国服饰偏好与政治风俗的札记 (民俗研究 2010.2)                               1040KB  
[56/56] FAIL Liu 2023 Neidan Visuality into Painting: Huang Gongwang Clearing after Sudden    0KB  FAIL http=403 type=text/html size=408

成功 21/56
