=== oa3 结束，启动补救器 ===
待补救 73 条

[  1/73] fail 2023_Transforming_Inner_Alchemical_Vision_into_Painting_Huang_Gongwang_s_C
    x   403 text/html https://www.mdpi.com/2077-1444/14/7/861/pdf?version=1688136691
    x   403 text/html http://dx.doi.org/10.3390/rel14070861
    x   403 text/html https://doi.org/10.3390/rel14070861
[  2/73] fail 2018_13th_-_14th_century_Yuan_and_Mongol_silk-gold_textiles_transcultural_
    x   000  https://eprints.soas.ac.uk/30322/1/4612_Lunde.pdf
    x   000  https://eprints.soas.ac.uk/30322/1/4612_Lunde.pdf
    x   403 text/html; charset=UTF-8 https://doi.org/10.25501/soas.00030322
[  3/73] OK   2015_Mongol_Clothing_in_the_Yuan_Period
    OK  200 (via landing) https://www.akjournals.com/previewpdf/view/journals/062/68/4/article-p385.xml
[  4/73] OK   2016_The_White_Cloud_Movement_Local_Activism_and_Buddhist_Printing_in_Chin
    OK  200 (via landing) https://escholarship.org/uc/item/2w7452q0.pdf
[  5/73] fail 2010_Islam_and_the_Millennium_Sacred_Kingship_and_Popular_Imagination_in_E
    x   403 text/html; charset=UTF-8 https://hdl.handle.net/2027.42/77799
    x   403 text/html; charset=UTF-8 https://hdl.handle.net/2027.42/77799
[  6/73] fail 2014_The_Yörüks_Their_Origins_Expansion_and_Economic_Role
    x   000  https://dergipark.org.tr/tr/download/article-file/929011
    x   000  https://dergipark.org.tr/tr/pub/cedrus/issue/51819/674006
    x   200 text/html; charset=utf-8 https://doi.org/10.13113/cedrus.201406472
[  7/73] fail 2013_Tabriz_on_the_Silk_Roads_Thirteenth-Century_Eurasian_Cultural_Connect
    x   000  http://koreascience.or.kr:80/article/JAKO201323965810527.pdf
    x   302 text/html;charset=utf-8 https://doi.org/10.12773/arwh.2013.1.2.169
    x   302 text/html;charset=utf-8 https://doi.org/10.12773/arwh.2013.1.2.169
[  8/73] fail 2025_Marco_Polo_s_journey_throughout_the_Mongol_Yuan_Empire_and_his_possib
    x   403 text/html; charset=UTF-8 https://media.fupress.com/files/pdf/24/16702/46491
    x   403 text/html; charset=UTF-8 https://doi.org/10.36253/979-12-215-0883-3.06
    x   403 text/html; charset=UTF-8 https://doi.org/10.36253/979-12-215-0883-3.06
[  9/73] fail 2021_Courtly_Encounters_along_the_Silk_Roads_Diplomats_Diplomatic_Gifts_an
    x   404 text/html; charset=utf-8 https://edit.elte.hu/xmlui/bitstream/10831/62586/1/1%20PhD%20dissertation_%20NIN
    x   404 text/html; charset=utf-8 http://dx.doi.org/10.15476/elte.2021.092
    x   404 text/html; charset=utf-8 https://doi.org/10.15476/elte.2021.092
[ 10/73] fail 2022_The_Art_History_and_Material_Culture_of_the_Yuan_Empire
    x   200 text/html; charset=UTF-8 https://api.taylorfrancis.com/content/chapters/edit/download?identifierName=doi&
    x   200 text/html; charset=UTF-8 https://doi.org/10.4324/9781315165172-43
    x   200 text/html; charset=UTF-8 https://doi.org/10.4324/9781315165172-43
[ 11/73] fail 2024_Bringing_the_queen_mother_of_the_west_to_life_Digital_reconstruction_
    x   202 text/html; charset=UTF-8 https://www.degruyterbrill.com/document/doi/10.1515/aut-2023-0047/pdf
    x   202 text/html; charset=UTF-8 https://doi.org/10.1515/aut-2023-0047
    x   202 text/html; charset=UTF-8 https://doi.org/10.1515/aut-2023-0047
[ 12/73] fail 2023_Riders_in_the_Tomb_Women_Equestrians_in_North_Chinese_Funerary_Art_10
    x   403 text/html https://www.mdpi.com/2076-0752/12/5/201/pdf?version=1695096030
    x   403 text/html https://doi.org/10.3390/arts12050201
    x   403 text/html https://doi.org/10.3390/arts12050201
[ 13/73] OK   2025_Characterizing_pigments_dyes_and_fibers_in_murals_from_Bezeklik_Cave_
    OK  200 https://www.nature.com/articles/s40494-025-01811-x.pdf
[ 14/73] fail 2023_Provincializing_histories_of_missions_through_food_friars_and_the_con
    x   200 text/html; charset=UTF-8 https://digilib.phil.muni.cz/_flysystem/fedora/pdf/Rel2023-2-05.pdf
    x   200 text/html; charset=UTF-8 https://doi.org/10.5817/rel2023-2-5
    x   200 text/html; charset=UTF-8 https://doi.org/10.5817/rel2023-2-5
[ 15/73] fail 2010_The_Hephthalites
    x   200 text/html; charset=utf-8 https://refubium.fu-berlin.de/handle/fub188/8366
    x   200 text/html; charset=utf-8 https://refubium.fu-berlin.de/handle/fub188/8366
    x   200 text/html; charset=utf-8 https://doi.org/10.17169/refubium-12565
[ 16/73] OK   2024_Yangzhou_1342_Caterina_Vilioni_s_Passport_to_the_Afterlife
    OK  200 https://www.cambridge.org/core/services/aop-cambridge-core/content/view/B582E07142C45798F3F82702
[ 17/73] fail 2009_Mongolia_Naadam_Festival_past_and_present_in_the_construction_of_nati
    x   403 text/html; charset=UTF-8 http://hdl.handle.net/10092/6301
    x   403 text/html; charset=UTF-8 http://hdl.handle.net/10092/6301
    x   403 text/html; charset=UTF-8 https://doi.org/10.26021/4204
[ 18/73] fail 2019_Everyday_Hospitality_in_Mongolia
    x   000  http://journals.openedition.org/lhomme/pdf/35537
    x   000 text/html;charset=utf-8 https://doi.org/10.4000/lhomme.35537
    x   000 text/html;charset=utf-8 https://doi.org/10.4000/lhomme.35537
[ 19/73] fail 2015_Notes
    x   202 text/html; charset=UTF-8 https://www.degruyterbrill.com/document/doi/10.1515/9780295805979-010/pdf
    x   202 text/html; charset=UTF-8 https://doi.org/10.1515/9780295805979-010
    x   202 text/html; charset=UTF-8 https://doi.org/10.1515/9780295805979-010
[ 20/73] fail 2013_Genre_and_Empire_Historical_Romance_and_Sixteenth-Century_Chinese_Cul
    x   200 text/html; charset=UTF-8 https://repository.upenn.edu/edissertations/938
    x   200 text/html; charset=UTF-8 https://repository.upenn.edu/cgi/viewcontent.cgi?article=2096&context=edissertat
[ 21/73] fail 2025_Four-Class_System_sideng_renzhi_四等人制_of_Administration_During_the_Yua
    x   403 text/html; charset=iso-8 https://ojs.elte.hu/tkt/article/download/9849/8225
    x   403 text/html; charset=iso-8 https://doi.org/10.38144/tkt.2025.1.3
[ 22/73] fail 2013_By_the_Power_of_Eternal_Heaven_The_Meaning_of_Tenggeri_to_the_Governm
    x   000  https://journals.openedition.org/extremeorient/pdf/290
    x   000 text/html;charset=utf-8 https://doi.org/10.4000/extremeorient.290
    x   000 text/html;charset=utf-8 https://doi.org/10.4000/extremeorient.290
[ 23/73] fail 2024_The_rise_and_fall_of_paper_money_in_Yuan_China_1260_1368
    x   403 text/html; charset=UTF-8 https://onlinelibrary.wiley.com/doi/pdfdirect/10.1111/ehr.13305
    x   403 text/html; charset=UTF-8 https://doi.org/10.1111/ehr.13305
    x   403 text/html; charset=UTF-8 https://doi.org/10.1111/ehr.13305
[ 24/73] OK   2016_The_Jalayirids_Dynastic_State_Formation_in_the_Mongol_Middle_East
    OK  200 https://openresearchlibrary.org/ext/api/media/ac3aa031-8e7d-4cee-8977-93fd7722eed4/assets/extern
[ 25/73] fail 2014_The_FirsT_Mongol_ConTaCTs_wiTh_The_TibeTans_1
    x   200 text/html; charset=UTF-8 https://repository.upenn.edu/ealc/20
    x   200 text/html; charset=UTF-8 https://repository.upenn.edu/ealc/20
[ 26/73] fail 2024_Some_Cases_of_Official_Corruption_in_the_Yuan_dynasty_Based_on_Chines
    x   403 text/html; charset=iso-8 http://dx.doi.org/10.38144/tkt.2024.2.2
    x   403 text/html; charset=iso-8 https://doi.org/10.38144/tkt.2024.2.2
[ 27/73] fail 2025_Veneration_of_the_Buddhist_Canon_and_National_Integration_in_the_Yuan
    x   403 text/html https://www.mdpi.com/2077-1444/16/6/715/pdf?version=1748680186
    x   403 text/html https://doi.org/10.3390/rel16060715
[ 28/73] OK   2023_Discussion_on_Guidelines_of_the_Mongol_Regime_for_Agricultural_Promot
    x   404 text/html; charset=UTF-8 https://ccsenet.org/journal/index.php/ass/article/download/0/0/48402/52086
    OK  200 (via landing) https://ccsenet.org/journal/index.php/ass/article/download/0/0/48402/54299
[ 29/73] fail 2025_From_Taso_to_Erke_ün_The_Transformation_of_East_Syriac_Christian_Desi
    x   403 text/html https://www.mdpi.com/2077-1444/16/9/1088/pdf?version=1755856266
    x   403 text/html https://doi.org/10.3390/rel16091088
[ 30/73] fail 2024_cross-border_perception_of_Bayising_Pansheng_板升_among_government_offi
    x   403 text/html; charset=iso-8 http://dx.doi.org/10.38144/tkt.2024.2.1
    x   403 text/html; charset=iso-8 https://doi.org/10.38144/tkt.2024.2.1
[ 31/73] OK   2026_The_System_and_Operations_of_the_Yuan_Dynasty_s_Station
    OK  200 (via landing) https://mids.gov.mn/wp-content/uploads/2026/04/Erdenekhishig.T-2026-01.pdf
[ 32/73] fail 2017_Introduction
    x   200 text/html; charset=utf-8 https://www.zora.uzh.ch/id/eprint/201780/1/10.1515_asia-2017-0015.pdf
    x   200 text/html; charset=utf-8 https://www.zora.uzh.ch/id/eprint/201780/1/10.1515_asia-2017-0015.pdf
    x   202 text/html; charset=UTF-8 https://doi.org/10.1515/asia-2017-0015
[ 33/73] OK   2013_Rashīd_al-Dīn_and_the_making_of_history_in_Mongol_Iran
    OK  200 (via landing) https://digital.lib.washington.edu/bitstreams/733d1449-4a2c-4f20-aff0-6868a996da
[ 34/73] OK   2007_The_Date_of_the_Secert_History_of_the_Mongols_Reconsidered
    OK  200 (via landing) https://scholarworks.iu.edu/bitstreams/4ab07eb2-ead2-4f5c-873b-363fa4799c73/down
[ 35/73] OK   2020_Turning_toward_Edification_Foreigners_in_Chosŏn_Korea
    x   200 text/html; charset=utf-8 http://hdl.handle.net/10125/67649
    x   200 text/html; charset=utf-8 http://hdl.handle.net/10125/67649
    OK  200 (via landing) https://scholarspace.manoa.hawaii.edu/bitstreams/b6057752-95f2-420d-b215-93eb396
[ 36/73] fail 2013_Toluid_dynamics_of_Asia_flexibility_legality_and_identity_within_Tolu
    x   000  https://eprints.soas.ac.uk/16810/1/Hodous_3505.pdf
    x   000  https://eprints.soas.ac.uk/16810/1/Hodous_3505.pdf
    x   403 text/html; charset=UTF-8 https://doi.org/10.25501/soas.00016810
[ 37/73] fail 2008_Iran_under_Mongol_domination_The_effectiveness_and_failings_of_a_dual
    x   000  https://journals.openedition.org/beo/pdf/159
    x   000 text/html;charset=utf-8 https://doi.org/10.4000/beo.159
    x   000 text/html;charset=utf-8 https://doi.org/10.4000/beo.159
[ 39/73] fail 2024_The_Sacred_Federation_of_Tibet_and_the_Mongol_Empire
    x   403 text/html https://www.mdpi.com/2409-9252/4/4/29/pdf?version=1734169929
    x   403 text/html https://doi.org/10.3390/histories4040029
    x   403 text/html https://doi.org/10.3390/histories4040029
[ 40/73] fail 2013_Europeans_and_the_steppe_Russian_lands_under_the_Mongol_rule
    x   404 text/html https://api.taylorfrancis.com/content/chapters/edit/download?identifierName=doi&
    x   404 text/html https://doi.org/10.4324/9781315888439-10
    x   404 text/html https://doi.org/10.4324/9781315888439-10
[ 41/73] fail 2021_The_Objects_of_Loyalty_in_the_Early_Mongol_Empire_Twelfth_and_Thirtee
    x   403 text/html; charset=UTF-8 https://www.tandfonline.com/doi/pdf/10.1080/05786967.2021.1915701?needAccess=tru
    x   403 text/html; charset=UTF-8 https://doi.org/10.1080/05786967.2021.1915701
    x   403 text/html; charset=UTF-8 https://doi.org/10.1080/05786967.2021.1915701
[ 42/73] OK   2019_Peculiar_Living_Shrines_and_Yuan_Governance_as_Background_to_Ming_Pop
    OK  200 (via landing) https://escholarship.org/uc/item/4rm9v7m8.pdf
[ 43/73] fail 2025_Living_Conditions_of_the_Conquered_Under_Mongol_Rule_in_China_and_The
    x   404 text/html; charset=utf-8 https://edit.elte.hu/xmlui/bitstream/10831/116380/1/Frank%20%28PhD%20disseration
    x   404 text/html; charset=utf-8 https://doi.org/10.15476/elte.2024.383
    x   404 text/html; charset=utf-8 https://doi.org/10.15476/elte.2024.383
[ 44/73] fail 2025_5_128Reaffirming_Slavery_in_Late_Koryŏ
    x   202 text/html; charset=UTF-8 https://www.degruyterbrill.com/document/doi/10.1515/9783112210079-008/pdf
    x   202 text/html; charset=UTF-8 https://doi.org/10.1515/9783112210079-008
    x   202 text/html; charset=UTF-8 https://doi.org/10.1515/9783112210079-008
[ 45/73] fail 2010_Linzhang_county_and_the_culturally_central_periphery_in_mid-Ming_Chin
    x   200 text/html; charset=UTF-8 http://hdl.handle.net/2429/30400
    x   200 text/html; charset=UTF-8 http://hdl.handle.net/2429/30400
    x   200 text/html; charset=UTF-8 https://doi.org/10.14288/1.0071536
[ 46/73] fail 2016_The_Cartographic_Steppe_Mapping_Environment_and_Ethnicity_in_Japan_s_
    x   429  http://nrs.harvard.edu/urn-3:HUL.InstRepos:33840708
    x   429  http://nrs.harvard.edu/urn-3:HUL.InstRepos:33840708
[ 47/73] OK   2019_Re-Writing_Dali_the_Construction_of_an_Imperial_Locality_in_the_Borde
    OK  200 (via landing) https://escholarship.org/uc/item/80h5n4j0.pdf
[ 48/73] fail 2007_Lords_of_the_Auspicious_Conjunction_Turco-Mongol_Imperial_Identity_on
    x   200 text/html; charset=utf-8 https://muse.jhu.edu/pub/5/article/210693/pdf
    x   200 text/html; charset=utf-8 https://doi.org/10.1353/jwh.2007.0000
    x   200 text/html; charset=utf-8 https://doi.org/10.1353/jwh.2007.0000
[ 49/73] fail 2023_An_Evaluation_on_the_Pictures_of_Jâmiʿ_Al-Tevârîkḫ_s_Tashkent_Copy_Nu
    x   000  https://dergipark.org.tr/en/download/article-file/3061159
    x   302 text/html;charset=utf-8 https://doi.org/10.48120/oad.1277505
    x   302 text/html;charset=utf-8 https://doi.org/10.48120/oad.1277505
[ 50/73] fail 2024_Zen_in_Early_Persian_Painting_A_Study_of_the_1314_1315_Jāmiʿ_al-Tavār
    x   403 text/html https://www.mdpi.com/2077-1444/15/1/75/pdf?version=1704704466
    x   403 text/html https://doi.org/10.3390/rel15010075
    x   403 text/html https://doi.org/10.3390/rel15010075
[ 51/73] fail 2012_The_Life_and_Works_of_Rashīd_al-Dīn_Jewish_Vizier_in_the_Mongol_Ilkha
    x   202 text/html; charset=UTF-8 https://digitalcommons.pepperdine.edu/cgi/viewcontent.cgi?article=1034&context=s
    x   200 text/html; charset=UTF-8 https://digitalcommons.pepperdine.edu/sturesearch/35
[ 52/73] fail 2023_A_SCHOLARLY_COPYIST_EARLY_ILKHANID_INTELLECTUAL_NETWORKS_THROUGH_THE_
    x   202 text/html; charset=UTF-8 https://www.degruyter.com/document/doi/10.31826/9781463244019-020/pdf
    x   202 text/html; charset=UTF-8 https://doi.org/10.31826/9781463244019-020
    x   202 text/html; charset=UTF-8 https://doi.org/10.31826/9781463244019-020
[ 53/73] OK   2022_None
    OK  200 (via landing) https://journal.num.edu.mn/actamongolica/issue/download/445/261
[ 54/73] fail 2008_Abd_al-Rahman_Jami_Naqshbandi_Sufi_Persian_Poet
    x   200 text/html; charset=utf-8 http://rave.ohiolink.edu/etdc/view?acc_num=osu1217869380
    x   200 text/html; charset=utf-8 http://rave.ohiolink.edu/etdc/view?acc_num=osu1217869380
[ 55/73] fail 2024_The_Impact_of_Political_and_Cultural_Alterations_on_Crown_Designs_in_
    x   403 text/html; charset=UTF-8 https://www.euppublishing.com/doi/pdf/10.3366/afg.2024.0130?download=true
    x   403 text/html; charset=UTF-8 http://dx.doi.org/10.3366/afg.2024.0130
    x   403 text/html; charset=UTF-8 https://doi.org/10.3366/afg.2024.0130
[ 56/73] fail 2010_Kunst_mit_Botschaft_Der_Gold-Seide-Stoff_für_den_Ilchan_Abū_Saʽīd_von
    x   200 text/html; charset=utf-8 https://www.zora.uzh.ch/id/eprint/47816/1/Ritter_2010c_Gold-Seide-Stoff.pdf
    x   200 text/html; charset=utf-8 https://www.zora.uzh.ch/id/eprint/47816/1/Ritter_2010c_Gold-Seide-Stoff.pdf
    x   200 text/html; charset=utf-8 https://doi.org/10.5167/uzh-47816
[ 57/73] fail 2023_Narrative_Scenes_on_Medieval_Metalwork._c2023
    x   200 text/html; charset=utf-8 https://laur.lau.edu.lb:8443/xmlui/bitstream/10725/14568/1/Mira_Hariz_Thesis_Red
    x   200 text/html; charset=utf-8 http://dx.doi.org/10.26756/th.2022.522
    x   200 text/html; charset=utf-8 https://doi.org/10.26756/th.2022.522
[ 58/73] fail 2024_Uncovering_Islamic_Art_al-Birūnī_and_the_Ilkhanid_Miniatures
    x   000  https://dergipark.org.tr/en/download/article-file/3950927
    x   302 text/html;charset=utf-8 https://doi.org/10.47777/cankujhss.1486242
    x   302 text/html;charset=utf-8 https://doi.org/10.47777/cankujhss.1486242
[ 59/73] fail 2020_The_Abode_of_Water_Shipwreck_Evidence_and_the_Maritime_Circulation_of
    x   403 text/html; charset=UTF-8 https://hdl.handle.net/2027.42/163150
    x   403 text/html; charset=UTF-8 https://hdl.handle.net/2027.42/163150
[ 60/73] OK   2013_The_Observational_Instruments_at_the_Maragha_Observatory_after_AD_130
    OK  200 (via landing) https://raco.cat/index.php/Suhayl/article/download/280208/367893
[ 61/73] OK   2020_Armenia_Georgia_Islam_A_Need_to_Break_Taboos_in_the_Study_of_Medieval
    x   000  http://ecf.unive.it/en/edizioni4/libri/978-88-6969-469-1/armenia-georgia-islam/t
    OK  200 (via landing) https://edizionicafoscari.unive.it/media/pdf/books/978-88-6969-469-1/978-88-6969
[ 62/73] fail 2020_Depictions_of_the_Ark_of_Noah_and_the_Giant_Uj_In_Kulliyat-i_Tarikhi_
    x   000  https://dergipark.org.tr/en/download/article-file/975361
    x   302 text/html;charset=utf-8 https://doi.org/10.29135/std.691468
    x   302 text/html;charset=utf-8 https://doi.org/10.29135/std.691468
[ 63/73] fail 2023_TIMES_OF_DISINTEGRATION_AND_CALAMITIES_AẒHAR_AND_HIS_MYSTERIOUS_COLOP
    x   202 text/html; charset=UTF-8 https://www.degruyter.com/document/doi/10.31826/9781463244019-019/pdf
    x   202 text/html; charset=UTF-8 https://doi.org/10.31826/9781463244019-019
    x   202 text/html; charset=UTF-8 https://doi.org/10.31826/9781463244019-019
[ 64/73] fail 2011_Fourteenth_century_fine_glazed_wares_produced_in_the_Iranian_world_an
    x   000  https://eprints.soas.ac.uk/14697/1/Haddon_3429.pdf
    x   403 text/html; charset=UTF-8 https://doi.org/10.25501/SOAS.00014697
    x   403 text/html; charset=UTF-8 https://doi.org/10.25501/soas.00014697
[ 65/73] OK   2015_竹崎季長が絵解きする_蒙古襲来絵詞_矢羽と風から
    OK  200 https://catalog.lib.kyushu-u.ac.jp/opac_download_md/1508413/p016_hattori_abstract.pdf
[ 66/73] OK   2018_The_Ancient_Settlement_of_Ufa-II_in_the_Golden_Horde_Period
    OK  200 https://kigiran.elpub.ru/jour/article/download/1329/1664
[ 67/73] fail 2023_Silk_Road_and_Trade_of_the_Mongol_Empire
    x   202 text/html; charset=UTF-8 https://www.degruyter.com/document/doi/10.1515/modi-2023-2007/pdf
    x   202 text/html; charset=UTF-8 https://doi.org/10.1515/modi-2023-2007
    x   202 text/html; charset=UTF-8 https://doi.org/10.1515/modi-2023-2007
[ 68/73] fail 2023_Genetic_population_structure_of_the_Xiongnu_Empire_at_imperial_and_lo
    x   403 text/html; charset=UTF-8 https://www.science.org/doi/pdf/10.1126/sciadv.adf3904?download=true
    x   000 text/html;charset=utf-8 https://doi.org/10.1126/sciadv.adf3904
    x   403 text/html; charset=UTF-8 https://doi.org/10.1126/sciadv.adf3904
[ 69/73] fail 2023_1_Beyond_the_Silk_Road_Toward_Alternative_Models_of_Transimperial_Exc
    x   202 text/html; charset=UTF-8 https://www.degruyter.com/document/doi/10.1515/9783110607628-002/pdf
    x   202 text/html; charset=UTF-8 https://doi.org/10.1515/9783110607628-002
    x   000  https://doi.org/10.1515/9783110607628-002
[ 70/73] OK   2018_The_economy_of_empire_building_wild_ginseng_sable_fur_and_the_multipl
    x   000  https://ora.ox.ac.uk/objects/uuid:c04d3888-fea6-43d9-9a86-1c84967b5d71
    OK  200 (via landing) https://ora.ox.ac.uk/objects/uuid:c04d3888-fea6-43d9-9a86-1c84967b5d71/files/m83
[ 71/73] fail 2007_Nomads_Empires_States
    x   000  http://library.oapen.org/handle/20.500.12657/30786
    x   000  http://library.oapen.org/handle/20.500.12657/30786
[ 72/73] OK   2021_Mobility_and_Immobility_in_the_Mongol_Empire
    OK  200 (via landing) https://www.nomadic-kalmsu.ru/jour/article/download/10/11
[ 73/73] fail 2023_The_Case_for_Science_Diplomacy_in_Mongol_Eurasia
    x   200 text/html https://doi.org/10.1177/18793665231160190
    x   200 text/html https://doi.org/10.1177/18793665231160190

补救成功 20/73
